###############################################################################
#
# IAR ELF Linker V8.50.6.265/W32 for ARM                  09/Jan/2021  09:58:55
# Copyright 2007-2020 IAR Systems AB.
#
#    Output file  =
#        C:\Users\anato\Desktop\stm32\demorobot\first_project\Debug\Exe\first_project.out
#    Map file     =
#        C:\Users\anato\Desktop\stm32\demorobot\first_project\Debug\List\first_project.map
#    Command line =
#        -f C:\Users\anato\AppData\Local\Temp\EW35D9.tmp
#        (C:\Users\anato\Desktop\stm32\demorobot\first_project\Debug\Obj\core.o
#        C:\Users\anato\Desktop\stm32\demorobot\first_project\Debug\Obj\delay.o
#        C:\Users\anato\Desktop\stm32\demorobot\first_project\Debug\Obj\main.o
#        C:\Users\anato\Desktop\stm32\demorobot\first_project\Debug\Obj\misc.o
#        C:\Users\anato\Desktop\stm32\demorobot\first_project\Debug\Obj\startup_stm32f10x_md.o
#        C:\Users\anato\Desktop\stm32\demorobot\first_project\Debug\Obj\stm32f10x_gpio.o
#        C:\Users\anato\Desktop\stm32\demorobot\first_project\Debug\Obj\stm32f10x_rcc.o
#        C:\Users\anato\Desktop\stm32\demorobot\first_project\Debug\Obj\stm32f10x_spi.o
#        C:\Users\anato\Desktop\stm32\demorobot\first_project\Debug\Obj\stm32f10x_tim.o
#        C:\Users\anato\Desktop\stm32\demorobot\first_project\Debug\Obj\stm32f10x_usart.o
#        C:\Users\anato\Desktop\stm32\demorobot\first_project\Debug\Obj\system_stm32f10x.o
#        --no_out_extension -o
#        C:\Users\anato\Desktop\stm32\demorobot\first_project\Debug\Exe\first_project.out
#        --redirect _Printf=_PrintfFullNoMb --redirect _Scanf=_ScanfFullNoMb
#        --map
#        C:\Users\anato\Desktop\stm32\demorobot\first_project\Debug\List\first_project.map
#        --config "C:\Program Files (x86)\IAR Systems\Embedded Workbench
#        8.4\arm\config\linker\ST\stm32f103x8.icf" --semihosting --entry
#        __iar_program_start "C:\Program Files (x86)\IAR Systems\Embedded
#        Workbench 8.4\arm\CMSIS\Lib\IAR\iar_cortexM3l_math.a" --vfe --text_out
#        locale)
#
###############################################################################

*******************************************************************************
*** RUNTIME MODEL ATTRIBUTES
***

CppFlavor       = *
__SystemLibrary = DLib
__dlib_version  = 6


*******************************************************************************
*** HEAP SELECTION
***

The basic heap was selected because some modules are built with
size limitations (and not runtime checking), and --advanced_heap
was not specified.


*******************************************************************************
*** PLACEMENT SUMMARY
***

"A0":  place at address 0x800'0000 { ro section .intvec };
"P1":  place in [from 0x800'0000 to 0x800'ffff] { ro };
define block CSTACK with size = 2K, alignment = 8 { };
define block HEAP with size = 2K, alignment = 8 { };
"P2":  place in [from 0x2000'0000 to 0x2000'4fff] {
          rw, block CSTACK, block HEAP };
initialize by copy { rw };

  Section            Kind         Address    Size  Object
  -------            ----         -------    ----  ------
"A0":                                        0xec
  .intvec            ro code   0x800'0000    0xec  startup_stm32f10x_md.o [1]
                             - 0x800'00ec    0xec

"P1":                                      0x1479
  .text              ro code   0x800'00ec   0x530  main.o [1]
  .text              ro code   0x800'061c   0x270  stm32f10x_rcc.o [1]
  .text              ro code   0x800'088c    0xdc  stm32f10x_gpio.o [1]
  .text              ro code   0x800'0968   0x324  stm32f10x_tim.o [1]
  .text              ro code   0x800'0c8c    0x70  misc.o [1]
  .text              ro code   0x800'0cfc   0x13c  stm32f10x_usart.o [1]
  .text              ro code   0x800'0e38    0x96  stm32f10x_spi.o [1]
  .text              ro code   0x800'0ece    0x3a  zero_init3.o [3]
  .text              ro code   0x800'0f08    0xbc  delay.o [1]
  .text              ro code   0x800'0fc4   0x1e8  core.o [1]
  .text              ro code   0x800'11ac   0x1a4  system_stm32f10x.o [1]
  .text              ro code   0x800'1350     0x8  abs.o [2]
  .text              ro code   0x800'1358    0x38  packbits_init_single.o [3]
  .text              ro code   0x800'1390    0x28  data_init.o [3]
  .iar.init_table    const     0x800'13b8    0x20  - Linker created -
  .text              ro code   0x800'13d8    0x1e  cmain.o [3]
  .text              ro code   0x800'13f6     0x4  low_level_init.o [2]
  .text              ro code   0x800'13fa     0x4  exit.o [2]
  .text              ro code   0x800'1400     0xa  cexit.o [3]
  .text              ro code   0x800'140c    0x14  exit.o [4]
  .text              ro code   0x800'1420    0x10  startup_stm32f10x_md.o [1]
  .rodata            const     0x800'1430     0xc  main.o [1]
  .text              ro code   0x800'143c     0xc  cstartup_M.o [3]
  .text              ro code   0x800'1448     0x4  startup_stm32f10x_md.o [1]
  .text              ro code   0x800'144c     0x4  startup_stm32f10x_md.o [1]
  .text              ro code   0x800'1450     0x4  startup_stm32f10x_md.o [1]
  .text              ro code   0x800'1454     0x4  startup_stm32f10x_md.o [1]
  .text              ro code   0x800'1458     0x4  startup_stm32f10x_md.o [1]
  .text              ro code   0x800'145c     0x4  startup_stm32f10x_md.o [1]
  .text              ro code   0x800'1460     0x4  startup_stm32f10x_md.o [1]
  .text              ro code   0x800'1464     0x4  startup_stm32f10x_md.o [1]
  .text              ro code   0x800'1468     0x4  startup_stm32f10x_md.o [1]
  .text              ro code   0x800'146c     0x4  startup_stm32f10x_md.o [1]
  .text              ro code   0x800'1470     0x4  startup_stm32f10x_md.o [1]
  .text              ro code   0x800'1474     0x4  startup_stm32f10x_md.o [1]
  .text              ro code   0x800'1478     0x4  startup_stm32f10x_md.o [1]
  .text              ro code   0x800'147c     0x4  startup_stm32f10x_md.o [1]
  .text              ro code   0x800'1480     0x4  startup_stm32f10x_md.o [1]
  .text              ro code   0x800'1484     0x4  startup_stm32f10x_md.o [1]
  .text              ro code   0x800'1488     0x4  startup_stm32f10x_md.o [1]
  .text              ro code   0x800'148c     0x4  startup_stm32f10x_md.o [1]
  .text              ro code   0x800'1490     0x4  startup_stm32f10x_md.o [1]
  .text              ro code   0x800'1494     0x4  startup_stm32f10x_md.o [1]
  .text              ro code   0x800'1498     0x4  startup_stm32f10x_md.o [1]
  .text              ro code   0x800'149c     0x4  startup_stm32f10x_md.o [1]
  .text              ro code   0x800'14a0     0x4  startup_stm32f10x_md.o [1]
  .text              ro code   0x800'14a4     0x4  startup_stm32f10x_md.o [1]
  .text              ro code   0x800'14a8     0x4  startup_stm32f10x_md.o [1]
  .text              ro code   0x800'14ac     0x4  startup_stm32f10x_md.o [1]
  .text              ro code   0x800'14b0     0x4  startup_stm32f10x_md.o [1]
  .text              ro code   0x800'14b4     0x4  startup_stm32f10x_md.o [1]
  .text              ro code   0x800'14b8     0x4  startup_stm32f10x_md.o [1]
  .text              ro code   0x800'14bc     0x4  startup_stm32f10x_md.o [1]
  .text              ro code   0x800'14c0     0x4  startup_stm32f10x_md.o [1]
  .text              ro code   0x800'14c4     0x4  startup_stm32f10x_md.o [1]
  .text              ro code   0x800'14c8     0x4  startup_stm32f10x_md.o [1]
  .text              ro code   0x800'14cc     0x4  startup_stm32f10x_md.o [1]
  .text              ro code   0x800'14d0     0x4  startup_stm32f10x_md.o [1]
  .text              ro code   0x800'14d4     0x4  startup_stm32f10x_md.o [1]
  .text              ro code   0x800'14d8     0x4  startup_stm32f10x_md.o [1]
  .text              ro code   0x800'14dc     0x4  startup_stm32f10x_md.o [1]
  .text              ro code   0x800'14e0     0x4  startup_stm32f10x_md.o [1]
  .text              ro code   0x800'14e4     0x4  startup_stm32f10x_md.o [1]
  .text              ro code   0x800'14e8     0x4  startup_stm32f10x_md.o [1]
  .text              ro code   0x800'14ec     0x4  startup_stm32f10x_md.o [1]
  .text              ro code   0x800'14f0     0x4  startup_stm32f10x_md.o [1]
  .text              ro code   0x800'14f4     0x4  startup_stm32f10x_md.o [1]
  .text              ro code   0x800'14f8     0x4  startup_stm32f10x_md.o [1]
  .text              ro code   0x800'14fc     0x4  startup_stm32f10x_md.o [1]
  .text              ro code   0x800'1500     0x4  startup_stm32f10x_md.o [1]
  .text              ro code   0x800'1504     0x4  startup_stm32f10x_md.o [1]
  .text              ro code   0x800'1508     0x4  startup_stm32f10x_md.o [1]
  .text              ro code   0x800'150c     0x4  startup_stm32f10x_md.o [1]
  .text              ro code   0x800'1510     0x4  startup_stm32f10x_md.o [1]
  .text              ro code   0x800'1514     0x4  startup_stm32f10x_md.o [1]
  .rodata            const     0x800'1518     0x0  zero_init3.o [3]
  .rodata            const     0x800'1518     0x0  packbits_init_single.o [3]
  Initializer bytes  const     0x800'1518    0x4d  <for P2-1>
                             - 0x800'1565  0x1479

"P2", part 1 of 3:                           0x5a
  P2-1                        0x2000'0000    0x5a  <Init block>
    .data            inited   0x2000'0000     0x4  core.o [1]
    .data            inited   0x2000'0004    0x28  core.o [1]
    .data            inited   0x2000'002c     0x4  main.o [1]
    .data            inited   0x2000'0030    0x10  stm32f10x_rcc.o [1]
    .data            inited   0x2000'0040     0x4  stm32f10x_rcc.o [1]
    .data            inited   0x2000'0044     0x4  system_stm32f10x.o [1]
    .data            inited   0x2000'0048    0x10  system_stm32f10x.o [1]
    .data            inited   0x2000'0058     0x2  core.o [1]
                            - 0x2000'005a    0x5a

"P2", part 2 of 3:                           0x74
  .bss               zero     0x2000'005c    0x48  main.o [1]
  .bss               zero     0x2000'00a4    0x10  main.o [1]
  .bss               zero     0x2000'00b4    0x10  main.o [1]
  .bss               zero     0x2000'00c4     0x4  delay.o [1]
  .bss               zero     0x2000'00c8     0x4  main.o [1]
  .bss               zero     0x2000'00cc     0x1  main.o [1]
  .bss               zero     0x2000'00cd     0x1  main.o [1]
                            - 0x2000'00ce    0x72

"P2", part 3 of 3:                          0x800
  CSTACK                      0x2000'00d0   0x800  <Block>
    CSTACK           uninit   0x2000'00d0   0x800  <Block tail>
                            - 0x2000'08d0   0x800

Unused ranges:

         From           To    Size
         ----           --    ----
   0x800'1565   0x800'ffff  0xea9b
  0x2000'005a  0x2000'005b     0x2
  0x2000'08d0  0x2000'4fff  0x4730


*******************************************************************************
*** INIT TABLE
***

          Address      Size
          -------      ----
Zero (__iar_zero_init3)
    1 destination range, total size 0x72:
          0x2000'005c  0x72

Copy/packbits (__iar_packbits_init_single3)
    1 source range, total size 0x4d (85% of destination):
           0x800'1518  0x4d
    1 destination range, total size 0x5a:
          0x2000'0000  0x5a



*******************************************************************************
*** MODULE SUMMARY
***

    Module                  ro code  ro data  rw data
    ------                  -------  -------  -------
command line/config:
    -------------------------------------------------
    Total:

C:\Users\anato\Desktop\stm32\demorobot\first_project\Debug\Obj: [1]
    core.o                      488       39       46
    delay.o                     188                 4
    main.o                    1'328       16      114
    misc.o                      112
    startup_stm32f10x_md.o      460
    stm32f10x_gpio.o            220
    stm32f10x_rcc.o             624       17       20
    stm32f10x_spi.o             150
    stm32f10x_tim.o             804
    stm32f10x_usart.o           316
    system_stm32f10x.o          420       17       20
    -------------------------------------------------
    Total:                    5'110       89      204

dl7M_tln.a: [2]
    abs.o                         8
    exit.o                        4
    low_level_init.o              4
    -------------------------------------------------
    Total:                       16

rt7M_tl.a: [3]
    cexit.o                      10
    cmain.o                      30
    cstartup_M.o                 12
    data_init.o                  40
    packbits_init_single.o       56
    zero_init3.o                 58
    -------------------------------------------------
    Total:                      206

shb_l.a: [4]
    exit.o                       20
    -------------------------------------------------
    Total:                       20

    Gaps                          4
    Linker created                        32    2'048
-----------------------------------------------------
    Grand Total:              5'356      121    2'252


*******************************************************************************
*** ENTRY LIST
***

Entry                       Address   Size  Type      Object
-----                       -------   ----  ----      ------
.iar.init_table$$Base    0x800'13b8          --   Gb  - Linker created -
.iar.init_table$$Limit   0x800'13d8          --   Gb  - Linker created -
?main                    0x800'13d9         Code  Gb  cmain.o [3]
ADCPrescTable           0x2000'0040    0x4  Data  Lc  stm32f10x_rcc.o [1]
AHBPrescTable           0x2000'0048   0x10  Data  Gb  system_stm32f10x.o [1]
APBAHBPrescTable        0x2000'0030   0x10  Data  Lc  stm32f10x_rcc.o [1]
CSTACK$$Base            0x2000'00d0          --   Gb  - Linker created -
CSTACK$$Limit           0x2000'08d0          --   Gb  - Linker created -
DelayInit                0x800'0f6b   0x16  Code  Gb  delay.o [1]
DelayMs                  0x800'0fad   0x18  Code  Gb  delay.o [1]
DelayUs                  0x800'0f81    0xc  Code  Gb  delay.o [1]
GPIO_Init                0x800'088d   0xc0  Code  Gb  stm32f10x_gpio.o [1]
GPIO_ResetBits           0x800'0963    0x6  Code  Gb  stm32f10x_gpio.o [1]
GPIO_SetBits             0x800'095d    0x6  Code  Gb  stm32f10x_gpio.o [1]
GPIO_StructInit          0x800'094d   0x10  Code  Gb  stm32f10x_gpio.o [1]
NVIC_Init                0x800'0c8d   0x60  Code  Gb  misc.o [1]
PWM_THRESHOLD           0x2000'0058    0x2  Data  Gb  core.o [1]
RCC_APB1PeriphClockCmd   0x800'07fb   0x1c  Code  Gb  stm32f10x_rcc.o [1]
RCC_APB2PeriphClockCmd   0x800'07df   0x1c  Code  Gb  stm32f10x_rcc.o [1]
RCC_DeInit               0x800'061d   0x40  Code  Gb  stm32f10x_rcc.o [1]
RCC_GetClocksFreq        0x800'0733   0xac  Code  Gb  stm32f10x_rcc.o [1]
RCC_GetFlagStatus        0x800'0817   0x3c  Code  Gb  stm32f10x_rcc.o [1]
RCC_GetSYSCLKSource      0x800'06f7    0xa  Code  Gb  stm32f10x_rcc.o [1]
RCC_HCLKConfig           0x800'0701   0x10  Code  Gb  stm32f10x_rcc.o [1]
RCC_HSEConfig            0x800'065d   0x38  Code  Gb  stm32f10x_rcc.o [1]
RCC_PCLK1Config          0x800'0711   0x10  Code  Gb  stm32f10x_rcc.o [1]
RCC_PCLK2Config          0x800'0721   0x12  Code  Gb  stm32f10x_rcc.o [1]
RCC_PLLCmd               0x800'06df    0x8  Code  Gb  stm32f10x_rcc.o [1]
RCC_PLLConfig            0x800'06cd   0x12  Code  Gb  stm32f10x_rcc.o [1]
RCC_SYSCLKConfig         0x800'06e7   0x10  Code  Gb  stm32f10x_rcc.o [1]
RCC_WaitForHSEStartUp    0x800'0695   0x38  Code  Gb  stm32f10x_rcc.o [1]
RX_BUF                  0x2000'005c   0x48  Data  Gb  main.o [1]
RXc                     0x2000'00cd    0x1  Data  Gb  main.o [1]
RXi                     0x2000'00cc    0x1  Data  Gb  main.o [1]
Region$$Table$$Base      0x800'13b8          --   Gb  - Linker created -
Region$$Table$$Limit     0x800'13d8          --   Gb  - Linker created -
SPI_Cmd                  0x800'0e9d   0x1c  Code  Gb  stm32f10x_spi.o [1]
SPI_I2S_GetFlagStatus    0x800'0ebd   0x12  Code  Gb  stm32f10x_spi.o [1]
SPI_I2S_SendData         0x800'0eb9    0x4  Code  Gb  stm32f10x_spi.o [1]
SPI_Init                 0x800'0e39   0x3e  Code  Gb  stm32f10x_spi.o [1]
SPI_StructInit           0x800'0e77   0x26  Code  Gb  stm32f10x_spi.o [1]
SetSysClock              0x800'126f    0x8  Code  Lc  system_stm32f10x.o [1]
SetSysClockTo72          0x800'0353   0x5a  Code  Gb  main.o [1]
SetSysClockTo72          0x800'1277   0xae  Code  Lc  system_stm32f10x.o [1]
SysTick_Config           0x800'0f2d   0x2e  Code  Lc  delay.o [1]
SysTick_Handler          0x800'0f5b   0x10  Code  Gb  delay.o [1]
SystemCoreClock         0x2000'0044    0x4  Data  Gb  system_stm32f10x.o [1]
SystemCoreClockUpdate    0x800'11f1   0x7e  Code  Gb  system_stm32f10x.o [1]
SystemInit               0x800'11ad   0x44  Code  Gb  system_stm32f10x.o [1]
TIM_Cmd                  0x800'0c43   0x1c  Code  Gb  stm32f10x_tim.o [1]
TIM_OC1Init              0x800'09fb   0x94  Code  Gb  stm32f10x_tim.o [1]
TIM_OC2Init              0x800'0a8f   0x8a  Code  Gb  stm32f10x_tim.o [1]
TIM_OC3Init              0x800'0b19   0x88  Code  Gb  stm32f10x_tim.o [1]
TIM_OC4Init              0x800'0ba1   0x68  Code  Gb  stm32f10x_tim.o [1]
TIM_OCStructInit         0x800'0c21   0x22  Code  Gb  stm32f10x_tim.o [1]
TIM_TimeBaseInit         0x800'0969   0x92  Code  Gb  stm32f10x_tim.o [1]
TIM_TimeBaseStructInit   0x800'0c09   0x18  Code  Gb  stm32f10x_tim.o [1]
USART3_IRQHandler        0x800'02c3   0x90  Code  Gb  main.o [1]
USART_Cmd                0x800'0dc1   0x1c  Code  Gb  stm32f10x_usart.o [1]
USART_ITConfig           0x800'0ddd   0x54  Code  Gb  stm32f10x_usart.o [1]
USART_Init               0x800'0cfd   0xbc  Code  Gb  stm32f10x_usart.o [1]
USART_ReceiveData        0x800'0e31    0x8  Code  Gb  stm32f10x_usart.o [1]
__NVIC_SetPriority       0x800'0f09   0x24  Code  Lc  delay.o [1]
__cmain                  0x800'13d9         Code  Gb  cmain.o [3]
__exit                   0x800'140d   0x14  Code  Gb  exit.o [4]
__iar_data_init3         0x800'1391   0x28  Code  Gb  data_init.o [3]
__iar_packbits_init_single3
                         0x800'1359   0x38  Code  Gb  packbits_init_single.o [3]
__iar_program_start      0x800'143d         Code  Gb  cstartup_M.o [3]
__iar_zero_init3         0x800'0ecf   0x3a  Code  Gb  zero_init3.o [3]
__low_level_init         0x800'13f7    0x4  Code  Gb  low_level_init.o [2]
__vector_table           0x800'0000         Data  Gb  startup_stm32f10x_md.o [1]
_call_main               0x800'13e5         Code  Gb  cmain.o [3]
_exit                    0x800'1401         Code  Gb  cexit.o [3]
_main                    0x800'13f3         Code  Gb  cmain.o [3]
abs                      0x800'1351    0x8  Code  Gb  abs.o [2]
available_modes         0x2000'0000    0x4  Data  Gb  core.o [1]
check_section_exist      0x800'106d    0xc  Code  Gb  core.o [1]
clear_RXBuffer           0x800'00ed   0x26  Code  Gb  main.o [1]
exit                     0x800'13fb    0x4  Code  Gb  exit.o [2]
filter_pwm_by_threshold
                         0x800'1001   0x12  Code  Gb  core.o [1]
first_msg               0x2000'002c    0x4  Data  Gb  main.o [1]
get_mode_from_message    0x800'0ffb    0x6  Code  Gb  core.o [1]
get_potenciometer_values_from_message
                         0x800'0fe7   0x14  Code  Gb  core.o [1]
get_pwm_from_potenciometer
                         0x800'1013   0x30  Code  Gb  core.o [1]
get_section_channel_from_potenciometer
                         0x800'1043   0x2a  Code  Gb  core.o [1]
handle_message           0x800'112b   0x76  Code  Gb  core.o [1]
isControlMessageReceived
                        0x2000'00c8    0x4  Data  Gb  main.o [1]
is_mode_available        0x800'0fc5   0x22  Code  Gb  core.o [1]
main                     0x800'0547   0x88  Code  Gb  main.o [1]
message                 0x2000'00b4   0x10  Data  Gb  main.o [1]
pwm_init                 0x800'0113  0x106  Code  Gb  main.o [1]
send_control_signal      0x800'051d   0x2a  Code  Gb  main.o [1]
set_channels_to_sections
                         0x800'10b5   0x76  Code  Gb  core.o [1]
set_pwm_to_sections      0x800'1079   0x3c  Code  Gb  core.o [1]
spi_init                 0x800'03ad  0x108  Code  Gb  main.o [1]
transfer_16b_SPI2_Master
                         0x800'04b5   0x68  Code  Gb  main.o [1]
usTicks                 0x2000'00c4    0x4  Data  Lc  delay.o [1]
usart_init               0x800'0219   0xaa  Code  Gb  main.o [1]
working_sections_table  0x2000'0004   0x28  Data  Gb  core.o [1]
zero_message            0x2000'00a4   0x10  Data  Gb  main.o [1]


[1] = C:\Users\anato\Desktop\stm32\demorobot\first_project\Debug\Obj
[2] = dl7M_tln.a
[3] = rt7M_tl.a
[4] = shb_l.a

  5'356 bytes of readonly  code memory
    121 bytes of readonly  data memory
  2'252 bytes of readwrite data memory

Errors: none
Warnings: none
